../Core/Src/main.c:38:1:__io_putchar	16	static
../Core/Src/main.c:42:1:__io_getchar	16	static
../Core/Src/main.c:117:6:LcdSendCmd	32	static
../Core/Src/main.c:130:6:LcdSendData	32	static
../Core/Src/main.c:143:6:LcdInit	8	static
../Core/Src/main.c:168:6:LcdSendString	16	static
../Core/Src/main.c:172:6:LcdPointer	16	static
../Core/Src/main.c:189:6:SetLed	40	static
../Core/Src/main.c:215:6:HAL_TIM_PWM_PulseFinishedCallback	16	static
../Core/Src/main.c:220:6:WS2812b_Send	32	static
../Core/Src/main.c:249:6:LedCheck	24	static
../Core/Src/main.c:254:6:OneStep	24	static
../Core/Src/main.c:269:6:OneLap	40	static
../Core/Src/main.c:289:6:CheckpointLedSet	16	static
../Core/Src/main.c:305:6:Start	16	static
../Core/Src/main.c:339:6:Glavna	32	static
../Core/Src/main.c:420:6:Buzzer	16	static
../Core/Src/main.c:431:5:main	8	static
../Core/Src/main.c:484:6:SystemClock_Config	88	static
../Core/Src/main.c:531:6:HAL_GPIO_EXTI_Callback	16	static
../Core/Src/main.c:566:6:HAL_TIM_PeriodElapsedCallback	16	static
../Core/Src/main.c:630:6:Error_Handler	4	static,ignoring_inline_asm
